******************************************************************************
             TMS320C2000 Linker PC v22.6.0                     
******************************************************************************
>> Linked Fri Jul  7 16:47:29 2023

OUTPUT FILE NAME:   <F2812_eZdsp_XDS100usb.out>
ENTRY POINT SYMBOL: "_c_int00"  address: 003f8833


MEMORY CONFIGURATION

         name            origin    length      used     unused   attr    fill
----------------------  --------  ---------  --------  --------  ----  --------
PAGE 0:
  RAMM0                 00000000   00000400  00000079  00000387  RWIX
  BEGIN                 003f8000   00000002  00000002  00000000  RWIX
  RAMH0                 003f8002   00001ffe  00000a3b  000015c3  RWIX
  IQTABLES              003ff000   00000b50  00000000  00000b50  RWIX
  RESET                 003fffc0   00000002  00000000  00000002  RWIX

PAGE 1:
  RAMM1                 00000400   00000400  00000400  00000000  RWIX
  DEV_EMU               00000880   00000180  000000d0  000000b0  RWIX
  FLASH_REGS            00000a80   00000060  00000008  00000058  RWIX
  CSM                   00000ae0   00000010  00000010  00000000  RWIX
  XINTF                 00000b20   00000020  00000020  00000000  RWIX
  CPU_TIMER0            00000c00   00000008  00000008  00000000  RWIX
  CPU_TIMER1            00000c08   00000008  00000008  00000000  RWIX
  CPU_TIMER2            00000c10   00000008  00000008  00000000  RWIX
  PIE_CTRL              00000ce0   00000020  0000001a  00000006  RWIX
  PIE_VECT              00000d00   00000100  00000100  00000000  RWIX
  ECANA                 00006000   00000040  00000034  0000000c  RWIX
  ECANA_LAM             00006040   00000040  00000040  00000000  RWIX
  ECANA_MOTS            00006080   00000040  00000040  00000000  RWIX
  ECANA_MOTO            000060c0   00000040  00000040  00000000  RWIX
  ECANA_MBOX            00006100   00000100  00000100  00000000  RWIX
  SYSTEM                00007010   00000020  00000020  00000000  RWIX
  SPIA                  00007040   00000010  00000010  00000000  RWIX
  SCIA                  00007050   00000010  00000010  00000000  RWIX
  XINTRUPT              00007070   00000010  00000010  00000000  RWIX
  GPIOMUX               000070c0   00000020  00000020  00000000  RWIX
  GPIODAT               000070e0   00000020  00000020  00000000  RWIX
  ADC                   00007100   00000020  0000001a  00000006  RWIX
  EVA                   00007400   00000040  00000032  0000000e  RWIX
  EVB                   00007500   00000040  00000032  0000000e  RWIX
  SCIB                  00007750   00000010  00000010  00000000  RWIX
  MCBSPA                00007800   00000040  00000025  0000001b  RWIX
  RAML0L1               00008000   00002000  00000172  00001e8e  RWIX
  CSM_PWL               003f7ff8   00000008  00000008  00000000  RWIX


SECTION ALLOCATION MAP

 output                                  attributes/
section   page    origin      length       input sections
--------  ----  ----------  ----------   ----------------
.cinit     0    00000000    00000079     
                  00000000    00000057     Dec_Ini_Vars.obj (.cinit)
                  00000057    0000000e     rts2800_ml.lib : exit.c.obj (.cinit)
                  00000065    00000008     Funciones_Extres.obj (.cinit)
                  0000006d    00000005     rts2800_ml.lib : _lock.c.obj (.cinit:__lock)
                  00000072    00000005                    : _lock.c.obj (.cinit:__unlock)
                  00000077    00000002     --HOLE-- [fill = 0]

codestart 
*          0    003f8000    00000002     
                  003f8000    00000002     DSP281x_CodeStartBranch.obj (codestart)

.text      0    003f8002    00000a37     
                  003f8002    00000215     Funciones_Extres.obj (.text)
                  003f8217    0000014f     DSP281x_DefaultIsr.obj (.text:retain)
                  003f8366    000000b4     DAC.obj (.text)
                  003f841a    0000009c     rts2800_ml.lib : fd_add28.asm.obj (.text)
                  003f84b6    0000008b                    : fd_div28.asm.obj (.text)
                  003f8541    00000086     DSP281x_SysCtrl.obj (.text)
                  003f85c7    00000083     rts2800_ml.lib : fd_mpy28.asm.obj (.text)
                  003f864a    00000070     DSP281x_Ev.obj (.text)
                  003f86ba    0000006a     DSP281x_CpuTimers.obj (.text)
                  003f8724    00000061     Interrupt_Timer0.obj (.text:retain)
                  003f8785    0000005a     rts2800_ml.lib : fs_mpy28.asm.obj (.text)
                  003f87df    00000054     DSP281x_Gpio.obj (.text)
                  003f8833    00000054     rts2800_ml.lib : boot28.asm.obj (.text)
                  003f8887    00000039     main.obj (.text)
                  003f88c0    00000029     rts2800_ml.lib : exit.c.obj (.text)
                  003f88e9    00000029                    : fs_tol28.asm.obj (.text)
                  003f8912    00000028     DSP281x_PieCtrl.obj (.text)
                  003f893a    00000024     rts2800_ml.lib : cpy_tbl.c.obj (.text)
                  003f895e    00000020     DSP281x_PieVect.obj (.text)
                  003f897e    0000001d     rts2800_ml.lib : memcpy.c.obj (.text)
                  003f899b    0000001c                    : l_tofd28.asm.obj (.text)
                  003f89b7    0000001b                    : fd_toul28.asm.obj (.text)
                  003f89d2    0000001a                    : l_tofs28.asm.obj (.text)
                  003f89ec    00000017                    : fs_cmp28.asm.obj (.text)
                  003f8a03    00000011                    : args_main.c.obj (.text)
                  003f8a14    0000000e                    : fd_sub28.asm.obj (.text)
                  003f8a22    00000009                    : _lock.c.obj (.text)
                  003f8a2b    00000008     DSP281x_CodeStartBranch.obj (.text)
                  003f8a33    00000003     DSP281x_DBGIER.obj (.text)
                  003f8a36    00000002     rts2800_ml.lib : pre_init.c.obj (.text)
                  003f8a38    00000001                    : startup.c.obj (.text)

ramfuncs   0    003f8a39    00000004     
                  003f8a39    00000004     DSP281x_usDelay.obj (ramfuncs)

.pinit     0    003f8002    00000000     UNINITIALIZED

.reset     0    003fffc0    00000002     DSECT
                  003fffc0    00000002     rts2800_ml.lib : boot28.asm.obj (.reset)

.stack     1    00000400    00000400     UNINITIALIZED
                  00000400    00000400     --HOLE--

DevEmuRegsFile 
*          1    00000880    000000d0     UNINITIALIZED
                  00000880    000000d0     DSP281x_GlobalVariableDefs.obj (DevEmuRegsFile)

FlashRegsFile 
*          1    00000a80    00000008     UNINITIALIZED
                  00000a80    00000008     DSP281x_GlobalVariableDefs.obj (FlashRegsFile)

CsmRegsFile 
*          1    00000ae0    00000010     UNINITIALIZED
                  00000ae0    00000010     DSP281x_GlobalVariableDefs.obj (CsmRegsFile)

XintfRegsFile 
*          1    00000b20    00000020     UNINITIALIZED
                  00000b20    00000020     DSP281x_GlobalVariableDefs.obj (XintfRegsFile)

CpuTimer0RegsFile 
*          1    00000c00    00000008     UNINITIALIZED
                  00000c00    00000008     DSP281x_GlobalVariableDefs.obj (CpuTimer0RegsFile)

CpuTimer1RegsFile 
*          1    00000c08    00000008     UNINITIALIZED
                  00000c08    00000008     DSP281x_GlobalVariableDefs.obj (CpuTimer1RegsFile)

CpuTimer2RegsFile 
*          1    00000c10    00000008     UNINITIALIZED
                  00000c10    00000008     DSP281x_GlobalVariableDefs.obj (CpuTimer2RegsFile)

PieCtrlRegsFile 
*          1    00000ce0    0000001a     UNINITIALIZED
                  00000ce0    0000001a     DSP281x_GlobalVariableDefs.obj (PieCtrlRegsFile)

.econst    1    00008000    00000110     
                  00008000    00000100     DSP281x_PieVect.obj (.econst:_PieVectTableInit)
                  00008100    00000010     Funciones_Extres.obj (.econst)

.ebss      1    00008110    00000062     UNINITIALIZED
                  00008110    00000018     DSP281x_CpuTimers.obj (.ebss)
                  00008128    00000006     rts2800_ml.lib : exit.c.obj (.ebss)
                  0000812e    00000002     Funciones_Extres.obj (.ebss)
                  00008130    00000002     rts2800_ml.lib : _lock.c.obj (.ebss:__lock)
                  00008132    00000002                    : _lock.c.obj (.ebss:__unlock)
                  00008134    0000000c     --HOLE--
                  00008140    00000032     Dec_Ini_Vars.obj (.ebss)

PieVectTableFile 
*          1    00000d00    00000100     UNINITIALIZED
                  00000d00    00000100     DSP281x_GlobalVariableDefs.obj (PieVectTableFile)

ECanaRegsFile 
*          1    00006000    00000034     UNINITIALIZED
                  00006000    00000034     DSP281x_GlobalVariableDefs.obj (ECanaRegsFile)

ECanaLAMRegsFile 
*          1    00006040    00000040     UNINITIALIZED
                  00006040    00000040     DSP281x_GlobalVariableDefs.obj (ECanaLAMRegsFile)

ECanaMOTSRegsFile 
*          1    00006080    00000040     UNINITIALIZED
                  00006080    00000040     DSP281x_GlobalVariableDefs.obj (ECanaMOTSRegsFile)

ECanaMOTORegsFile 
*          1    000060c0    00000040     UNINITIALIZED
                  000060c0    00000040     DSP281x_GlobalVariableDefs.obj (ECanaMOTORegsFile)

ECanaMboxesFile 
*          1    00006100    00000100     UNINITIALIZED
                  00006100    00000100     DSP281x_GlobalVariableDefs.obj (ECanaMboxesFile)

SysCtrlRegsFile 
*          1    00007010    00000020     UNINITIALIZED
                  00007010    00000020     DSP281x_GlobalVariableDefs.obj (SysCtrlRegsFile)

SpiaRegsFile 
*          1    00007040    00000010     UNINITIALIZED
                  00007040    00000010     DSP281x_GlobalVariableDefs.obj (SpiaRegsFile)

SciaRegsFile 
*          1    00007050    00000010     UNINITIALIZED
                  00007050    00000010     DSP281x_GlobalVariableDefs.obj (SciaRegsFile)

XIntruptRegsFile 
*          1    00007070    00000010     UNINITIALIZED
                  00007070    00000010     DSP281x_GlobalVariableDefs.obj (XIntruptRegsFile)

GpioMuxRegsFile 
*          1    000070c0    00000020     UNINITIALIZED
                  000070c0    00000020     DSP281x_GlobalVariableDefs.obj (GpioMuxRegsFile)

GpioDataRegsFile 
*          1    000070e0    00000020     UNINITIALIZED
                  000070e0    00000020     DSP281x_GlobalVariableDefs.obj (GpioDataRegsFile)

AdcRegsFile 
*          1    00007100    0000001a     UNINITIALIZED
                  00007100    0000001a     DSP281x_GlobalVariableDefs.obj (AdcRegsFile)

EvaRegsFile 
*          1    00007400    00000032     UNINITIALIZED
                  00007400    00000032     DSP281x_GlobalVariableDefs.obj (EvaRegsFile)

EvbRegsFile 
*          1    00007500    00000032     UNINITIALIZED
                  00007500    00000032     DSP281x_GlobalVariableDefs.obj (EvbRegsFile)

ScibRegsFile 
*          1    00007750    00000010     UNINITIALIZED
                  00007750    00000010     DSP281x_GlobalVariableDefs.obj (ScibRegsFile)

McbspaRegsFile 
*          1    00007800    00000025     UNINITIALIZED
                  00007800    00000025     DSP281x_GlobalVariableDefs.obj (McbspaRegsFile)

CsmPwlFile 
*          1    003f7ff8    00000008     UNINITIALIZED
                  003f7ff8    00000008     DSP281x_GlobalVariableDefs.obj (CsmPwlFile)

MODULE SUMMARY

       Module                           code   initialized data   uninitialized data
       ------                           ----   ----------------   ------------------
    .\Source\
       DSP281x_GlobalVariableDefs.obj   0      0                  1401              
       Funciones_Extres.obj             533    24                 2                 
       DSP281x_DefaultIsr.obj           335    0                  0                 
       DSP281x_PieVect.obj              32     256                0                 
       DAC.obj                          180    0                  0                 
       Dec_Ini_Vars.obj                 0      87                 50                
       DSP281x_SysCtrl.obj              134    0                  0                 
       DSP281x_CpuTimers.obj            106    0                  24                
       DSP281x_Ev.obj                   112    0                  0                 
       Interrupt_Timer0.obj             97     0                  0                 
       DSP281x_Gpio.obj                 84     0                  0                 
       main.obj                         57     0                  0                 
       DSP281x_PieCtrl.obj              40     0                  0                 
       DSP281x_CodeStartBranch.obj      10     0                  0                 
       DSP281x_usDelay.obj              4      0                  0                 
       DSP281x_DBGIER.obj               3      0                  0                 
    +--+--------------------------------+------+------------------+--------------------+
       Total:                           1727   367                1477              
                                                                                    
    C:\ti\ccs1230\ccs\tools\compiler\ti-cgt-c2000_22.6.0.LTS\lib\rts2800_ml.lib
       fd_add28.asm.obj                 156    0                  0                 
       fd_div28.asm.obj                 139    0                  0                 
       fd_mpy28.asm.obj                 131    0                  0                 
       fs_mpy28.asm.obj                 90     0                  0                 
       boot28.asm.obj                   84     0                  0                 
       exit.c.obj                       41     14                 6                 
       fs_tol28.asm.obj                 41     0                  0                 
       cpy_tbl.c.obj                    36     0                  0                 
       memcpy.c.obj                     29     0                  0                 
       l_tofd28.asm.obj                 28     0                  0                 
       fd_toul28.asm.obj                27     0                  0                 
       l_tofs28.asm.obj                 26     0                  0                 
       _lock.c.obj                      9      10                 4                 
       fs_cmp28.asm.obj                 23     0                  0                 
       args_main.c.obj                  17     0                  0                 
       fd_sub28.asm.obj                 14     0                  0                 
       pre_init.c.obj                   2      0                  0                 
       startup.c.obj                    1      0                  0                 
    +--+--------------------------------+------+------------------+--------------------+
       Total:                           894    24                 10                
                                                                                    
       Stack:                           0      0                  1024              
    +--+--------------------------------+------+------------------+--------------------+
       Grand Total:                     2621   391                2511              


GLOBAL DATA SYMBOLS: SORTED BY DATA PAGE

address     data page           name
--------    ----------------    ----
00000400      10 (00000400)     __stack

00000880      22 (00000880)     _DevEmuRegs

00000a80      2a (00000a80)     _FlashRegs

00000ae0      2b (00000ac0)     _CsmRegs

00000b20      2c (00000b00)     _XintfRegs

00000c00      30 (00000c00)     _CpuTimer0Regs
00000c08      30 (00000c00)     _CpuTimer1Regs
00000c10      30 (00000c00)     _CpuTimer2Regs

00000ce0      33 (00000cc0)     _PieCtrlRegs

00000d00      34 (00000d00)     _PieVectTable

00006000     180 (00006000)     _ECanaRegs

00006040     181 (00006040)     _ECanaLAMRegs

00006080     182 (00006080)     _ECanaMOTSRegs

000060c0     183 (000060c0)     _ECanaMOTORegs

00006100     184 (00006100)     _ECanaMboxes

00007010     1c0 (00007000)     _SysCtrlRegs

00007040     1c1 (00007040)     _SpiaRegs
00007050     1c1 (00007040)     _SciaRegs
00007070     1c1 (00007040)     _XIntruptRegs

000070c0     1c3 (000070c0)     _GpioMuxRegs
000070e0     1c3 (000070c0)     _GpioDataRegs

00007100     1c4 (00007100)     _AdcRegs

00007400     1d0 (00007400)     _EvaRegs

00007500     1d4 (00007500)     _EvbRegs

00007750     1dd (00007740)     _ScibRegs

00007800     1e0 (00007800)     _McbspaRegs

00008000     200 (00008000)     _PieVectTableInit

00008110     204 (00008100)     _CpuTimer0
00008118     204 (00008100)     _CpuTimer1
00008120     204 (00008100)     _CpuTimer2
00008128     204 (00008100)     ___TI_enable_exit_profile_output
0000812a     204 (00008100)     ___TI_cleanup_ptr
0000812c     204 (00008100)     ___TI_dtors_ptr
0000812e     204 (00008100)     _secretpassword
0000812f     204 (00008100)     _buttoncounter
00008130     204 (00008100)     __lock
00008132     204 (00008100)     __unlock

00008140     205 (00008140)     _ONOFF
00008142     205 (00008140)     _dummy1
00008144     205 (00008140)     _rampa
00008146     205 (00008140)     _rampa_incr
00008148     205 (00008140)     _sinus
0000814a     205 (00008140)     _ticksper5ms
0000814c     205 (00008140)     _revolutionper5ms
0000814e     205 (00008140)     _motor_rpm
00008150     205 (00008140)     _tickcount
00008152     205 (00008140)     _turncount
00008154     205 (00008140)     _turncount_limit
00008156     205 (00008140)     _alpha
00008158     205 (00008140)     _dacstruct

003f7ff8    fdff (003f7fc0)     _CsmPwl


GLOBAL SYMBOLS: SORTED ALPHABETICALLY BY Name 

page  address   name                                 
----  -------   ----                                 
0     003f8002  .text                                
0     003f88c0  C$$EXIT                              
0     003f841a  FD$$ADD                              
0     003f84b6  FD$$DIV                              
0     003f85c7  FD$$MPY                              
0     003f8a14  FD$$SUB                              
0     003f89b7  FD$$TOUL                             
0     003f89ec  FS$$CMP                              
0     003f8785  FS$$MPY                              
0     003f88e9  FS$$TOL                              
0     003f899b  L$$TOFD                              
0     003f89d2  L$$TOFS                              
0     003f828a  _ADCINT_ISR                          
1     00007100  _AdcRegs                             
0     003f82d0  _CAPINT1_ISR                         
0     003f82d5  _CAPINT2_ISR                         
0     003f82da  _CAPINT3_ISR                         
0     003f8316  _CAPINT4_ISR                         
0     003f831b  _CAPINT5_ISR                         
0     003f8320  _CAPINT6_ISR                         
0     003f8299  _CMP1INT_ISR                         
0     003f829e  _CMP2INT_ISR                         
0     003f82a3  _CMP3INT_ISR                         
0     003f82df  _CMP4INT_ISR                         
0     003f82e4  _CMP5INT_ISR                         
0     003f82e9  _CMP6INT_ISR                         
0     003f86f3  _ConfigCpuTimer                      
1     00008110  _CpuTimer0                           
1     00000c00  _CpuTimer0Regs                       
1     00008118  _CpuTimer1                           
1     00000c08  _CpuTimer1Regs                       
1     00008120  _CpuTimer2                           
1     00000c10  _CpuTimer2Regs                       
1     003f7ff8  _CsmPwl                              
1     00000ae0  _CsmRegs                             
0     003f8596  _CsmUnlock                           
0     003f839c  _DAC_envia                           
0     003f8366  _DAC_inici                           
0     003f8221  _DATALOG_ISR                         
0     003f8a39  _DSP28x_usDelay                      
1     00000880  _DevEmuRegs                          
0     003f8553  _DisableDog                          
0     003f834d  _ECAN0INTA_ISR                       
0     003f8352  _ECAN1INTA_ISR                       
1     00006040  _ECanaLAMRegs                        
1     000060c0  _ECanaMOTORegs                       
1     00006080  _ECanaMOTSRegs                       
1     00006100  _ECanaMboxes                         
1     00006000  _ECanaRegs                           
0     003f8357  _EMPTY_ISR                           
0     003f822b  _EMUINT_ISR                          
0     003f8931  _EnableInterrupts                    
1     00007400  _EvaRegs                             
1     00007500  _EvbRegs                             
1     00000a80  _FlashRegs                           
1     000070e0  _GpioDataRegs                        
1     000070c0  _GpioMuxRegs                         
0     003f8235  _ILLEGAL_ISR                         
0     003f8217  _INT13_ISR                           
0     003f821c  _INT14_ISR                           
0     003f86ba  _InitCpuTimers                       
0     003f86b3  _InitEv                              
0     003f87df  _InitGpio                            
0     003f857c  _InitPeripheralClocks                
0     003f8912  _InitPieCtrl                         
0     003f895e  _InitPieVectTable                    
0     003f855b  _InitPll                             
0     003f8541  _InitSysCtrl                         
0     003f8549  _KickDog                             
0     003f832f  _MRINTA_ISR                          
0     003f8334  _MXINTA_ISR                          
1     00007800  _McbspaRegs                          
0     003f8230  _NMI_ISR                             
1     00008140  _ONOFF                               
0     003f8276  _PDPINTA_ISR                         
0     003f827b  _PDPINTB_ISR                         
0     003f835c  _PIE_RESERVED                        
1     00000ce0  _PieCtrlRegs                         
1     00000d00  _PieVectTable                        
1     00008000  _PieVectTableInit                    
0     003f8226  _RTOSINT_ISR                         
0     003f8339  _SCIRXINTA_ISR                       
0     003f8343  _SCIRXINTB_ISR                       
0     003f833e  _SCITXINTA_ISR                       
0     003f8348  _SCITXINTB_ISR                       
0     003f8325  _SPIRXINTA_ISR                       
0     003f832a  _SPITXINTA_ISR                       
1     00007050  _SciaRegs                            
1     00007750  _ScibRegs                            
0     003f8a33  _SetDBGIER                           
1     00007040  _SpiaRegs                            
1     00007010  _SysCtrlRegs                         
0     003f82ad  _T1CINT_ISR                          
0     003f82b7  _T1OFINT_ISR                         
0     003f82a8  _T1PINT_ISR                          
0     003f82b2  _T1UFINT_ISR                         
0     003f82c1  _T2CINT_ISR                          
0     003f82cb  _T2OFINT_ISR                         
0     003f82bc  _T2PINT_ISR                          
0     003f82c6  _T2UFINT_ISR                         
0     003f82f3  _T3CINT_ISR                          
0     003f82fd  _T3OFINT_ISR                         
0     003f82ee  _T3PINT_ISR                          
0     003f82f8  _T3UFINT_ISR                         
0     003f8307  _T4CINT_ISR                          
0     003f8311  _T4OFINT_ISR                         
0     003f8302  _T4PINT_ISR                          
0     003f830c  _T4UFINT_ISR                         
0     003f828f  _TINT0_ISR                           
0     003f8267  _USER10_ISR                          
0     003f826c  _USER11_ISR                          
0     003f8271  _USER12_ISR                          
0     003f823a  _USER1_ISR                           
0     003f823f  _USER2_ISR                           
0     003f8244  _USER3_ISR                           
0     003f8249  _USER4_ISR                           
0     003f824e  _USER5_ISR                           
0     003f8253  _USER6_ISR                           
0     003f8258  _USER7_ISR                           
0     003f825d  _USER8_ISR                           
0     003f8262  _USER9_ISR                           
0     003f8294  _WAKEINT_ISR                         
0     003f8280  _XINT1_ISR                           
0     003f8285  _XINT2_ISR                           
1     00007070  _XIntruptRegs                        
1     00000b20  _XintfRegs                           
1     00000800  __STACK_END                          
abs   00000400  __STACK_SIZE                         
1     0000812a  ___TI_cleanup_ptr                    
1     0000812c  ___TI_dtors_ptr                      
1     00008128  ___TI_enable_exit_profile_output     
abs   ffffffff  ___TI_pprof_out_hndl                 
abs   ffffffff  ___TI_prof_data_size                 
abs   ffffffff  ___TI_prof_data_start                
abs   ffffffff  ___binit__                           
abs   ffffffff  ___c_args__                          
0     00000000  ___cinit__                           
0     003f8a39  ___etext__                           
abs   ffffffff  ___pinit__                           
0     003f8002  ___text__                            
0     003f8a03  __args_main                          
1     00008130  __lock                               
0     003f8a2a  __nop                                
0     003f8a26  __register_lock                      
0     003f8a22  __register_unlock                    
1     00000400  __stack                              
0     003f8a38  __system_post_cinit                  
0     003f8a36  __system_pre_init                    
1     00008132  __unlock                             
0     003f88c0  _abort                               
0     003f8044  _allGPIOSloff                        
0     003f8051  _allGPIOSon                          
1     00008156  _alpha                               
1     0000812f  _buttoncounter                       
0     003f8833  _c_int00                             
0     003f80a8  _checkbit                            
0     003f893a  _copy_in                             
1     00008158  _dacstruct                           
0     003f8002  _delay                               
0     003f81fc  _disableMotorafterXturns             
1     00008142  _dummy1                              
0     003f811e  _ejercicio1_ledblink                 
0     003f8129  _ejercicio2_cochefantastico          
0     003f814b  _ejercicio3_contadorbinarioboton     
0     003f816d  _ejercicio4_secretpassword           
0     003f81e5  _enabledisable_PWMs                  
0     003f8178  _enableinterruptTIM0                 
0     003f88c2  _exit                                
0     003f864a  _initEVA                             
0     003f8652  _initTIM1_pwm1_Npwm1_pwm2_Npwm2      
0     003f86a4  _initTIM2_QEP                        
0     003f8724  _interrupt_timer0                    
0     003f80b8  _isGPB4Buttonpresed_incrementVariable
0     003f80c6  _isGPB4Buttonpresed_setnewpassword   
0     003f80ed  _issecretpassowrdCorrect             
0     003f8887  _main                                
0     003f897e  _memcpy                              
1     0000814e  _motor_rpm                           
1     00008144  _rampa                               
1     00008146  _rampa_incr                          
1     0000814c  _revolutionper5ms                    
0     003f8361  _rsvd_ISR                            
0     003f81b0  _runmotorpwm_PUiq19                  
1     0000812e  _secretpassword                      
0     003f8199  _setupForDACexercice                 
0     003f81ad  _setupForPWM                         
1     00008148  _sinus                               
1     00008150  _tickcount                           
1     0000814a  _ticksper5ms                         
0     003f8083  _turnSingleLEDoff                    
0     003f805e  _turnSingleLEDon                     
1     00008152  _turncount                           
1     00008154  _turncount_limit                     
abs   ffffffff  binit                                
0     00000000  cinit                                
0     003f8a39  etext                                
abs   ffffffff  pinit                                


GLOBAL SYMBOLS: SORTED BY Symbol Address 

page  address   name                                 
----  -------   ----                                 
0     00000000  ___cinit__                           
0     00000000  cinit                                
0     003f8002  .text                                
0     003f8002  ___text__                            
0     003f8002  _delay                               
0     003f8044  _allGPIOSloff                        
0     003f8051  _allGPIOSon                          
0     003f805e  _turnSingleLEDon                     
0     003f8083  _turnSingleLEDoff                    
0     003f80a8  _checkbit                            
0     003f80b8  _isGPB4Buttonpresed_incrementVariable
0     003f80c6  _isGPB4Buttonpresed_setnewpassword   
0     003f80ed  _issecretpassowrdCorrect             
0     003f811e  _ejercicio1_ledblink                 
0     003f8129  _ejercicio2_cochefantastico          
0     003f814b  _ejercicio3_contadorbinarioboton     
0     003f816d  _ejercicio4_secretpassword           
0     003f8178  _enableinterruptTIM0                 
0     003f8199  _setupForDACexercice                 
0     003f81ad  _setupForPWM                         
0     003f81b0  _runmotorpwm_PUiq19                  
0     003f81e5  _enabledisable_PWMs                  
0     003f81fc  _disableMotorafterXturns             
0     003f8217  _INT13_ISR                           
0     003f821c  _INT14_ISR                           
0     003f8221  _DATALOG_ISR                         
0     003f8226  _RTOSINT_ISR                         
0     003f822b  _EMUINT_ISR                          
0     003f8230  _NMI_ISR                             
0     003f8235  _ILLEGAL_ISR                         
0     003f823a  _USER1_ISR                           
0     003f823f  _USER2_ISR                           
0     003f8244  _USER3_ISR                           
0     003f8249  _USER4_ISR                           
0     003f824e  _USER5_ISR                           
0     003f8253  _USER6_ISR                           
0     003f8258  _USER7_ISR                           
0     003f825d  _USER8_ISR                           
0     003f8262  _USER9_ISR                           
0     003f8267  _USER10_ISR                          
0     003f826c  _USER11_ISR                          
0     003f8271  _USER12_ISR                          
0     003f8276  _PDPINTA_ISR                         
0     003f827b  _PDPINTB_ISR                         
0     003f8280  _XINT1_ISR                           
0     003f8285  _XINT2_ISR                           
0     003f828a  _ADCINT_ISR                          
0     003f828f  _TINT0_ISR                           
0     003f8294  _WAKEINT_ISR                         
0     003f8299  _CMP1INT_ISR                         
0     003f829e  _CMP2INT_ISR                         
0     003f82a3  _CMP3INT_ISR                         
0     003f82a8  _T1PINT_ISR                          
0     003f82ad  _T1CINT_ISR                          
0     003f82b2  _T1UFINT_ISR                         
0     003f82b7  _T1OFINT_ISR                         
0     003f82bc  _T2PINT_ISR                          
0     003f82c1  _T2CINT_ISR                          
0     003f82c6  _T2UFINT_ISR                         
0     003f82cb  _T2OFINT_ISR                         
0     003f82d0  _CAPINT1_ISR                         
0     003f82d5  _CAPINT2_ISR                         
0     003f82da  _CAPINT3_ISR                         
0     003f82df  _CMP4INT_ISR                         
0     003f82e4  _CMP5INT_ISR                         
0     003f82e9  _CMP6INT_ISR                         
0     003f82ee  _T3PINT_ISR                          
0     003f82f3  _T3CINT_ISR                          
0     003f82f8  _T3UFINT_ISR                         
0     003f82fd  _T3OFINT_ISR                         
0     003f8302  _T4PINT_ISR                          
0     003f8307  _T4CINT_ISR                          
0     003f830c  _T4UFINT_ISR                         
0     003f8311  _T4OFINT_ISR                         
0     003f8316  _CAPINT4_ISR                         
0     003f831b  _CAPINT5_ISR                         
0     003f8320  _CAPINT6_ISR                         
0     003f8325  _SPIRXINTA_ISR                       
0     003f832a  _SPITXINTA_ISR                       
0     003f832f  _MRINTA_ISR                          
0     003f8334  _MXINTA_ISR                          
0     003f8339  _SCIRXINTA_ISR                       
0     003f833e  _SCITXINTA_ISR                       
0     003f8343  _SCIRXINTB_ISR                       
0     003f8348  _SCITXINTB_ISR                       
0     003f834d  _ECAN0INTA_ISR                       
0     003f8352  _ECAN1INTA_ISR                       
0     003f8357  _EMPTY_ISR                           
0     003f835c  _PIE_RESERVED                        
0     003f8361  _rsvd_ISR                            
0     003f8366  _DAC_inici                           
0     003f839c  _DAC_envia                           
0     003f841a  FD$$ADD                              
0     003f84b6  FD$$DIV                              
0     003f8541  _InitSysCtrl                         
0     003f8549  _KickDog                             
0     003f8553  _DisableDog                          
0     003f855b  _InitPll                             
0     003f857c  _InitPeripheralClocks                
0     003f8596  _CsmUnlock                           
0     003f85c7  FD$$MPY                              
0     003f864a  _initEVA                             
0     003f8652  _initTIM1_pwm1_Npwm1_pwm2_Npwm2      
0     003f86a4  _initTIM2_QEP                        
0     003f86b3  _InitEv                              
0     003f86ba  _InitCpuTimers                       
0     003f86f3  _ConfigCpuTimer                      
0     003f8724  _interrupt_timer0                    
0     003f8785  FS$$MPY                              
0     003f87df  _InitGpio                            
0     003f8833  _c_int00                             
0     003f8887  _main                                
0     003f88c0  C$$EXIT                              
0     003f88c0  _abort                               
0     003f88c2  _exit                                
0     003f88e9  FS$$TOL                              
0     003f8912  _InitPieCtrl                         
0     003f8931  _EnableInterrupts                    
0     003f893a  _copy_in                             
0     003f895e  _InitPieVectTable                    
0     003f897e  _memcpy                              
0     003f899b  L$$TOFD                              
0     003f89b7  FD$$TOUL                             
0     003f89d2  L$$TOFS                              
0     003f89ec  FS$$CMP                              
0     003f8a03  __args_main                          
0     003f8a14  FD$$SUB                              
0     003f8a22  __register_unlock                    
0     003f8a26  __register_lock                      
0     003f8a2a  __nop                                
0     003f8a33  _SetDBGIER                           
0     003f8a36  __system_pre_init                    
0     003f8a38  __system_post_cinit                  
0     003f8a39  _DSP28x_usDelay                      
0     003f8a39  ___etext__                           
0     003f8a39  etext                                
1     00000400  __stack                              
1     00000800  __STACK_END                          
1     00000880  _DevEmuRegs                          
1     00000a80  _FlashRegs                           
1     00000ae0  _CsmRegs                             
1     00000b20  _XintfRegs                           
1     00000c00  _CpuTimer0Regs                       
1     00000c08  _CpuTimer1Regs                       
1     00000c10  _CpuTimer2Regs                       
1     00000ce0  _PieCtrlRegs                         
1     00000d00  _PieVectTable                        
1     00006000  _ECanaRegs                           
1     00006040  _ECanaLAMRegs                        
1     00006080  _ECanaMOTSRegs                       
1     000060c0  _ECanaMOTORegs                       
1     00006100  _ECanaMboxes                         
1     00007010  _SysCtrlRegs                         
1     00007040  _SpiaRegs                            
1     00007050  _SciaRegs                            
1     00007070  _XIntruptRegs                        
1     000070c0  _GpioMuxRegs                         
1     000070e0  _GpioDataRegs                        
1     00007100  _AdcRegs                             
1     00007400  _EvaRegs                             
1     00007500  _EvbRegs                             
1     00007750  _ScibRegs                            
1     00007800  _McbspaRegs                          
1     00008000  _PieVectTableInit                    
1     00008110  _CpuTimer0                           
1     00008118  _CpuTimer1                           
1     00008120  _CpuTimer2                           
1     00008128  ___TI_enable_exit_profile_output     
1     0000812a  ___TI_cleanup_ptr                    
1     0000812c  ___TI_dtors_ptr                      
1     0000812e  _secretpassword                      
1     0000812f  _buttoncounter                       
1     00008130  __lock                               
1     00008132  __unlock                             
1     00008140  _ONOFF                               
1     00008142  _dummy1                              
1     00008144  _rampa                               
1     00008146  _rampa_incr                          
1     00008148  _sinus                               
1     0000814a  _ticksper5ms                         
1     0000814c  _revolutionper5ms                    
1     0000814e  _motor_rpm                           
1     00008150  _tickcount                           
1     00008152  _turncount                           
1     00008154  _turncount_limit                     
1     00008156  _alpha                               
1     00008158  _dacstruct                           
1     003f7ff8  _CsmPwl                              
abs   00000400  __STACK_SIZE                         
abs   ffffffff  ___TI_pprof_out_hndl                 
abs   ffffffff  ___TI_prof_data_size                 
abs   ffffffff  ___TI_prof_data_start                
abs   ffffffff  ___binit__                           
abs   ffffffff  ___c_args__                          
abs   ffffffff  ___pinit__                           
abs   ffffffff  binit                                
abs   ffffffff  pinit                                

[197 symbols]
