******************************************************************************
             TMS320C2000 Linker PC v22.6.0                     
******************************************************************************
>> Linked Tue Jul  4 17:06:46 2023

OUTPUT FILE NAME:   <F2812_eZdsp_XDS100usb.out>
ENTRY POINT SYMBOL: "_c_int00"  address: 003f8711


MEMORY CONFIGURATION

         name            origin    length      used     unused   attr    fill
----------------------  --------  ---------  --------  --------  ----  --------
PAGE 0:
  RAMM0                 00000000   00000400  00000052  000003ae  RWIX
  BEGIN                 003f8000   00000002  00000002  00000000  RWIX
  RAMH0                 003f8002   00001ffe  000009a0  0000165e  RWIX
  IQTABLES              003ff000   00000b50  00000b50  00000000  RWIX
  RESET                 003fffc0   00000002  00000000  00000002  RWIX

PAGE 1:
  RAMM1                 00000400   00000400  00000400  00000000  RWIX
  DEV_EMU               00000880   00000180  000000d0  000000b0  RWIX
  FLASH_REGS            00000a80   00000060  00000008  00000058  RWIX
  CSM                   00000ae0   00000010  00000010  00000000  RWIX
  XINTF                 00000b20   00000020  00000020  00000000  RWIX
  CPU_TIMER0            00000c00   00000008  00000008  00000000  RWIX
  CPU_TIMER1            00000c08   00000008  00000008  00000000  RWIX
  CPU_TIMER2            00000c10   00000008  00000008  00000000  RWIX
  PIE_CTRL              00000ce0   00000020  0000001a  00000006  RWIX
  PIE_VECT              00000d00   00000100  00000100  00000000  RWIX
  ECANA                 00006000   00000040  00000034  0000000c  RWIX
  ECANA_LAM             00006040   00000040  00000040  00000000  RWIX
  ECANA_MOTS            00006080   00000040  00000040  00000000  RWIX
  ECANA_MOTO            000060c0   00000040  00000040  00000000  RWIX
  ECANA_MBOX            00006100   00000100  00000100  00000000  RWIX
  SYSTEM                00007010   00000020  00000020  00000000  RWIX
  SPIA                  00007040   00000010  00000010  00000000  RWIX
  SCIA                  00007050   00000010  00000010  00000000  RWIX
  XINTRUPT              00007070   00000010  00000010  00000000  RWIX
  GPIOMUX               000070c0   00000020  00000020  00000000  RWIX
  GPIODAT               000070e0   00000020  00000020  00000000  RWIX
  ADC                   00007100   00000020  0000001a  00000006  RWIX
  EVA                   00007400   00000040  00000032  0000000e  RWIX
  EVB                   00007500   00000040  00000032  0000000e  RWIX
  SCIB                  00007750   00000010  00000010  00000000  RWIX
  MCBSPA                00007800   00000040  00000025  0000001b  RWIX
  RAML0L1               00008000   00002000  00000158  00001ea8  RWIX
  CSM_PWL               003f7ff8   00000008  00000008  00000000  RWIX


SECTION ALLOCATION MAP

 output                                  attributes/
section   page    origin      length       input sections
--------  ----  ----------  ----------   ----------------
.cinit     0    00000000    00000052     
                  00000000    00000030     Dec_Ini_Vars.obj (.cinit)
                  00000030    0000000e     rts2800_ml.lib : exit.c.obj (.cinit)
                  0000003e    00000008     Funciones_Extres.obj (.cinit)
                  00000046    00000005     rts2800_ml.lib : _lock.c.obj (.cinit:__lock)
                  0000004b    00000005                    : _lock.c.obj (.cinit:__unlock)
                  00000050    00000002     --HOLE-- [fill = 0]

.text      0    003f8002    00000973     
                  003f8002    000001ae     Funciones_Extres.obj (.text)
                  003f81b0    0000014f     DSP281x_DefaultIsr.obj (.text:retain)
                  003f82ff    000000b4     DAC.obj (.text)
                  003f83b3    0000009c     rts2800_ml.lib : fd_add28.asm.obj (.text)
                  003f844f    0000008b                    : fd_div28.asm.obj (.text)
                  003f84da    00000086     DSP281x_SysCtrl.obj (.text)
                  003f8560    00000083     rts2800_ml.lib : fd_mpy28.asm.obj (.text)
                  003f85e3    0000006a     DSP281x_CpuTimers.obj (.text)
                  003f864d    0000006a     DSP281x_Ev.obj (.text)
                  003f86b7    0000005a     rts2800_ml.lib : fs_mpy28.asm.obj (.text)
                  003f8711    00000054                    : boot28.asm.obj (.text)
                  003f8765    00000048     DSP281x_Gpio.obj (.text)
                  003f87ad    00000033     Interrupt_Timer0.obj (.text:retain)
                  003f87e0    00000029     rts2800_ml.lib : exit.c.obj (.text)
                  003f8809    00000029                    : fs_tol28.asm.obj (.text)
                  003f8832    00000028     DSP281x_PieCtrl.obj (.text)
                  003f885a    00000024     rts2800_ml.lib : cpy_tbl.c.obj (.text)
                  003f887e    00000020     DSP281x_PieVect.obj (.text)
                  003f889e    0000001d     rts2800_ml.lib : memcpy.c.obj (.text)
                  003f88bb    0000001c     main.obj (.text)
                  003f88d7    0000001c     rts2800_ml.lib : l_tofd28.asm.obj (.text)
                  003f88f3    0000001b                    : fd_toul28.asm.obj (.text)
                  003f890e    0000001a                    : l_tofs28.asm.obj (.text)
                  003f8928    00000017                    : fs_cmp28.asm.obj (.text)
                  003f893f    00000011                    : args_main.c.obj (.text)
                  003f8950    0000000e                    : fd_sub28.asm.obj (.text)
                  003f895e    00000009                    : _lock.c.obj (.text)
                  003f8967    00000008     DSP281x_CodeStartBranch.obj (.text)
                  003f896f    00000003     DSP281x_DBGIER.obj (.text)
                  003f8972    00000002     rts2800_ml.lib : pre_init.c.obj (.text)
                  003f8974    00000001                    : startup.c.obj (.text)

IQmath     0    003f8975    00000029     
                  003f8975    00000029     IQmath.lib : IQ24sinPU.obj (IQmath)

IQmathTables 
*          0    003ff000    00000b50     NOLOAD SECTION
                  003ff000    00000b50     IQmath.lib : IQmathTables.obj (IQmathTables)

codestart 
*          0    003f8000    00000002     
                  003f8000    00000002     DSP281x_CodeStartBranch.obj (codestart)

ramfuncs   0    003f899e    00000004     
                  003f899e    00000004     DSP281x_usDelay.obj (ramfuncs)

.pinit     0    003f8002    00000000     UNINITIALIZED

.reset     0    003fffc0    00000002     DSECT
                  003fffc0    00000002     rts2800_ml.lib : boot28.asm.obj (.reset)

.stack     1    00000400    00000400     UNINITIALIZED
                  00000400    00000400     --HOLE--

DevEmuRegsFile 
*          1    00000880    000000d0     UNINITIALIZED
                  00000880    000000d0     DSP281x_GlobalVariableDefs.obj (DevEmuRegsFile)

FlashRegsFile 
*          1    00000a80    00000008     UNINITIALIZED
                  00000a80    00000008     DSP281x_GlobalVariableDefs.obj (FlashRegsFile)

CsmRegsFile 
*          1    00000ae0    00000010     UNINITIALIZED
                  00000ae0    00000010     DSP281x_GlobalVariableDefs.obj (CsmRegsFile)

XintfRegsFile 
*          1    00000b20    00000020     UNINITIALIZED
                  00000b20    00000020     DSP281x_GlobalVariableDefs.obj (XintfRegsFile)

CpuTimer0RegsFile 
*          1    00000c00    00000008     UNINITIALIZED
                  00000c00    00000008     DSP281x_GlobalVariableDefs.obj (CpuTimer0RegsFile)

CpuTimer1RegsFile 
*          1    00000c08    00000008     UNINITIALIZED
                  00000c08    00000008     DSP281x_GlobalVariableDefs.obj (CpuTimer1RegsFile)

CpuTimer2RegsFile 
*          1    00000c10    00000008     UNINITIALIZED
                  00000c10    00000008     DSP281x_GlobalVariableDefs.obj (CpuTimer2RegsFile)

PieCtrlRegsFile 
*          1    00000ce0    0000001a     UNINITIALIZED
                  00000ce0    0000001a     DSP281x_GlobalVariableDefs.obj (PieCtrlRegsFile)

ECanaMOTSRegsFile 
*          1    00006080    00000040     UNINITIALIZED
                  00006080    00000040     DSP281x_GlobalVariableDefs.obj (ECanaMOTSRegsFile)

ECanaMOTORegsFile 
*          1    000060c0    00000040     UNINITIALIZED
                  000060c0    00000040     DSP281x_GlobalVariableDefs.obj (ECanaMOTORegsFile)

.econst    1    00008000    00000110     
                  00008000    00000100     DSP281x_PieVect.obj (.econst:_PieVectTableInit)
                  00008100    00000010     Funciones_Extres.obj (.econst)

.ebss      1    00008110    00000048     UNINITIALIZED
                  00008110    00000022     Dec_Ini_Vars.obj (.ebss)
                  00008132    00000006     rts2800_ml.lib : exit.c.obj (.ebss)
                  00008138    00000002     Funciones_Extres.obj (.ebss)
                  0000813a    00000002     rts2800_ml.lib : _lock.c.obj (.ebss:__lock)
                  0000813c    00000002                    : _lock.c.obj (.ebss:__unlock)
                  0000813e    00000002     --HOLE--
                  00008140    00000018     DSP281x_CpuTimers.obj (.ebss)

PieVectTableFile 
*          1    00000d00    00000100     UNINITIALIZED
                  00000d00    00000100     DSP281x_GlobalVariableDefs.obj (PieVectTableFile)

ECanaRegsFile 
*          1    00006000    00000034     UNINITIALIZED
                  00006000    00000034     DSP281x_GlobalVariableDefs.obj (ECanaRegsFile)

ECanaLAMRegsFile 
*          1    00006040    00000040     UNINITIALIZED
                  00006040    00000040     DSP281x_GlobalVariableDefs.obj (ECanaLAMRegsFile)

ECanaMboxesFile 
*          1    00006100    00000100     UNINITIALIZED
                  00006100    00000100     DSP281x_GlobalVariableDefs.obj (ECanaMboxesFile)

SysCtrlRegsFile 
*          1    00007010    00000020     UNINITIALIZED
                  00007010    00000020     DSP281x_GlobalVariableDefs.obj (SysCtrlRegsFile)

SpiaRegsFile 
*          1    00007040    00000010     UNINITIALIZED
                  00007040    00000010     DSP281x_GlobalVariableDefs.obj (SpiaRegsFile)

SciaRegsFile 
*          1    00007050    00000010     UNINITIALIZED
                  00007050    00000010     DSP281x_GlobalVariableDefs.obj (SciaRegsFile)

XIntruptRegsFile 
*          1    00007070    00000010     UNINITIALIZED
                  00007070    00000010     DSP281x_GlobalVariableDefs.obj (XIntruptRegsFile)

GpioMuxRegsFile 
*          1    000070c0    00000020     UNINITIALIZED
                  000070c0    00000020     DSP281x_GlobalVariableDefs.obj (GpioMuxRegsFile)

GpioDataRegsFile 
*          1    000070e0    00000020     UNINITIALIZED
                  000070e0    00000020     DSP281x_GlobalVariableDefs.obj (GpioDataRegsFile)

AdcRegsFile 
*          1    00007100    0000001a     UNINITIALIZED
                  00007100    0000001a     DSP281x_GlobalVariableDefs.obj (AdcRegsFile)

EvaRegsFile 
*          1    00007400    00000032     UNINITIALIZED
                  00007400    00000032     DSP281x_GlobalVariableDefs.obj (EvaRegsFile)

EvbRegsFile 
*          1    00007500    00000032     UNINITIALIZED
                  00007500    00000032     DSP281x_GlobalVariableDefs.obj (EvbRegsFile)

ScibRegsFile 
*          1    00007750    00000010     UNINITIALIZED
                  00007750    00000010     DSP281x_GlobalVariableDefs.obj (ScibRegsFile)

McbspaRegsFile 
*          1    00007800    00000025     UNINITIALIZED
                  00007800    00000025     DSP281x_GlobalVariableDefs.obj (McbspaRegsFile)

CsmPwlFile 
*          1    003f7ff8    00000008     UNINITIALIZED
                  003f7ff8    00000008     DSP281x_GlobalVariableDefs.obj (CsmPwlFile)

MODULE SUMMARY

       Module                           code   initialized data   uninitialized data
       ------                           ----   ----------------   ------------------
    .\Source\
       DSP281x_GlobalVariableDefs.obj   0      0                  1401              
       Funciones_Extres.obj             430    24                 2                 
       DSP281x_DefaultIsr.obj           335    0                  0                 
       DSP281x_PieVect.obj              32     256                0                 
       DAC.obj                          180    0                  0                 
       DSP281x_SysCtrl.obj              134    0                  0                 
       DSP281x_CpuTimers.obj            106    0                  24                
       DSP281x_Ev.obj                   106    0                  0                 
       Dec_Ini_Vars.obj                 0      48                 34                
       DSP281x_Gpio.obj                 72     0                  0                 
       Interrupt_Timer0.obj             51     0                  0                 
       DSP281x_PieCtrl.obj              40     0                  0                 
       main.obj                         28     0                  0                 
       DSP281x_CodeStartBranch.obj      10     0                  0                 
       DSP281x_usDelay.obj              4      0                  0                 
       DSP281x_DBGIER.obj               3      0                  0                 
    +--+--------------------------------+------+------------------+--------------------+
       Total:                           1531   328                1461              
                                                                                    
    ../Libraries/IQmath.lib
       IQmathTables.obj                 0      2896               0                 
       IQ24sinPU.obj                    0      41                 0                 
    +--+--------------------------------+------+------------------+--------------------+
       Total:                           0      2937               0                 
                                                                                    
    C:\ti\ccs1230\ccs\tools\compiler\ti-cgt-c2000_22.6.0.LTS\lib\rts2800_ml.lib
       fd_add28.asm.obj                 156    0                  0                 
       fd_div28.asm.obj                 139    0                  0                 
       fd_mpy28.asm.obj                 131    0                  0                 
       fs_mpy28.asm.obj                 90     0                  0                 
       boot28.asm.obj                   84     0                  0                 
       exit.c.obj                       41     14                 6                 
       fs_tol28.asm.obj                 41     0                  0                 
       cpy_tbl.c.obj                    36     0                  0                 
       memcpy.c.obj                     29     0                  0                 
       l_tofd28.asm.obj                 28     0                  0                 
       fd_toul28.asm.obj                27     0                  0                 
       l_tofs28.asm.obj                 26     0                  0                 
       _lock.c.obj                      9      10                 4                 
       fs_cmp28.asm.obj                 23     0                  0                 
       args_main.c.obj                  17     0                  0                 
       fd_sub28.asm.obj                 14     0                  0                 
       pre_init.c.obj                   2      0                  0                 
       startup.c.obj                    1      0                  0                 
    +--+--------------------------------+------+------------------+--------------------+
       Total:                           894    24                 10                
                                                                                    
       Stack:                           0      0                  1024              
    +--+--------------------------------+------+------------------+--------------------+
       Grand Total:                     2425   3289               2495              


GLOBAL DATA SYMBOLS: SORTED BY DATA PAGE

address     data page           name
--------    ----------------    ----
00000400      10 (00000400)     __stack

00000880      22 (00000880)     _DevEmuRegs

00000a80      2a (00000a80)     _FlashRegs

00000ae0      2b (00000ac0)     _CsmRegs

00000b20      2c (00000b00)     _XintfRegs

00000c00      30 (00000c00)     _CpuTimer0Regs
00000c08      30 (00000c00)     _CpuTimer1Regs
00000c10      30 (00000c00)     _CpuTimer2Regs

00000ce0      33 (00000cc0)     _PieCtrlRegs

00000d00      34 (00000d00)     _PieVectTable

00006000     180 (00006000)     _ECanaRegs

00006040     181 (00006040)     _ECanaLAMRegs

00006080     182 (00006080)     _ECanaMOTSRegs

000060c0     183 (000060c0)     _ECanaMOTORegs

00006100     184 (00006100)     _ECanaMboxes

00007010     1c0 (00007000)     _SysCtrlRegs

00007040     1c1 (00007040)     _SpiaRegs
00007050     1c1 (00007040)     _SciaRegs
00007070     1c1 (00007040)     _XIntruptRegs

000070c0     1c3 (000070c0)     _GpioMuxRegs
000070e0     1c3 (000070c0)     _GpioDataRegs

00007100     1c4 (00007100)     _AdcRegs

00007400     1d0 (00007400)     _EvaRegs

00007500     1d4 (00007500)     _EvbRegs

00007750     1dd (00007740)     _ScibRegs

00007800     1e0 (00007800)     _McbspaRegs

00008000     200 (00008000)     _PieVectTableInit

00008110     204 (00008100)     _dummy1
00008112     204 (00008100)     _rampa
00008114     204 (00008100)     _rampa_incr
00008116     204 (00008100)     _sinus
00008118     204 (00008100)     _dacstruct
00008132     204 (00008100)     ___TI_enable_exit_profile_output
00008134     204 (00008100)     ___TI_cleanup_ptr
00008136     204 (00008100)     ___TI_dtors_ptr
00008138     204 (00008100)     _secretpassword
00008139     204 (00008100)     _buttoncounter
0000813a     204 (00008100)     __lock
0000813c     204 (00008100)     __unlock

00008140     205 (00008140)     _CpuTimer0
00008148     205 (00008140)     _CpuTimer1
00008150     205 (00008140)     _CpuTimer2

003f7ff8    fdff (003f7fc0)     _CsmPwl

003f8975    fe25 (003f8940)     __IQ24sinPU

003ff000    ffc0 (003ff000)     _IQsinTable

003ff100    ffc4 (003ff100)     _IQcosTable

003ff400    ffd0 (003ff400)     _IQsinTableEnd

003ff502    ffd4 (003ff500)     _IQcosTableEnd
003ff502    ffd4 (003ff500)     _IQdivRoundSatTable
003ff510    ffd4 (003ff500)     _IQdivTable

003ff712    ffdc (003ff700)     _IQdivTableEnd
003ff712    ffdc (003ff700)     _IQisqrtRoundSatTable
003ff712    ffdc (003ff700)     _IQsqrtRoundSatTable
003ff722    ffdc (003ff700)     _IQisqrtTable
003ff722    ffdc (003ff700)     _IQsqrtTable

003ff824    ffe0 (003ff800)     _IQatan2HalfPITable
003ff824    ffe0 (003ff800)     _IQisqrtTableEnd
003ff824    ffe0 (003ff800)     _IQsqrtTableEnd

003ff862    ffe1 (003ff840)     _IQatan2Table

003ff9e8    ffe7 (003ff9c0)     _IQ30mpyRndSatTable
003ff9e8    ffe7 (003ff9c0)     _IQatan2TableEnd
003ff9e8    ffe7 (003ff9c0)     _IQmpyRndSatTable
003ff9f4    ffe7 (003ff9c0)     _IQ29mpyRndSatTable

003ffa00    ffe8 (003ffa00)     _IQ28mpyRndSatTable
003ffa0c    ffe8 (003ffa00)     _IQ27mpyRndSatTable
003ffa18    ffe8 (003ffa00)     _IQ26mpyRndSatTable
003ffa24    ffe8 (003ffa00)     _IQ25mpyRndSatTable
003ffa30    ffe8 (003ffa00)     _IQ24mpyRndSatTable
003ffa3c    ffe8 (003ffa00)     _IQ23mpyRndSatTable

003ffa48    ffe9 (003ffa40)     _IQ22mpyRndSatTable
003ffa54    ffe9 (003ffa40)     _IQ21mpyRndSatTable
003ffa60    ffe9 (003ffa40)     _IQ20mpyRndSatTable
003ffa6c    ffe9 (003ffa40)     _IQ19mpyRndSatTable
003ffa78    ffe9 (003ffa40)     _IQ18mpyRndSatTable

003ffa84    ffea (003ffa80)     _IQ17mpyRndSatTable
003ffa90    ffea (003ffa80)     _IQ16mpyRndSatTable
003ffa9c    ffea (003ffa80)     _IQ15mpyRndSatTable
003ffaa8    ffea (003ffa80)     _IQ14mpyRndSatTable
003ffab4    ffea (003ffa80)     _IQ13mpyRndSatTable

003ffac0    ffeb (003ffac0)     _IQ12mpyRndSatTable
003ffacc    ffeb (003ffac0)     _IQ11mpyRndSatTable
003ffad8    ffeb (003ffac0)     _IQ10mpyRndSatTable
003ffae4    ffeb (003ffac0)     _IQ9mpyRndSatTable
003ffaf0    ffeb (003ffac0)     _IQ8mpyRndSatTable
003ffafc    ffeb (003ffac0)     _IQ7mpyRndSatTable

003ffb08    ffec (003ffb00)     _IQ6mpyRndSatTable
003ffb14    ffec (003ffb00)     _IQ5mpyRndSatTable
003ffb20    ffec (003ffb00)     _IQ4mpyRndSatTable
003ffb2c    ffec (003ffb00)     _IQ3mpyRndSatTable
003ffb38    ffec (003ffb00)     _IQ2mpyRndSatTable

003ffb44    ffed (003ffb40)     _IQ1mpyRndSatTable
003ffb50    ffed (003ffb40)     _IQmpyRndSatTableEnd


GLOBAL SYMBOLS: SORTED ALPHABETICALLY BY Name 

page  address   name                                 
----  -------   ----                                 
0     003f8002  .text                                
0     003f87e0  C$$EXIT                              
0     003f83b3  FD$$ADD                              
0     003f844f  FD$$DIV                              
0     003f8560  FD$$MPY                              
0     003f8950  FD$$SUB                              
0     003f88f3  FD$$TOUL                             
0     003f8928  FS$$CMP                              
0     003f86b7  FS$$MPY                              
0     003f8809  FS$$TOL                              
0     003f88d7  L$$TOFD                              
0     003f890e  L$$TOFS                              
0     003f8223  _ADCINT_ISR                          
1     00007100  _AdcRegs                             
0     003f8269  _CAPINT1_ISR                         
0     003f826e  _CAPINT2_ISR                         
0     003f8273  _CAPINT3_ISR                         
0     003f82af  _CAPINT4_ISR                         
0     003f82b4  _CAPINT5_ISR                         
0     003f82b9  _CAPINT6_ISR                         
0     003f8232  _CMP1INT_ISR                         
0     003f8237  _CMP2INT_ISR                         
0     003f823c  _CMP3INT_ISR                         
0     003f8278  _CMP4INT_ISR                         
0     003f827d  _CMP5INT_ISR                         
0     003f8282  _CMP6INT_ISR                         
0     003f861c  _ConfigCpuTimer                      
1     00008140  _CpuTimer0                           
1     00000c00  _CpuTimer0Regs                       
1     00008148  _CpuTimer1                           
1     00000c08  _CpuTimer1Regs                       
1     00008150  _CpuTimer2                           
1     00000c10  _CpuTimer2Regs                       
1     003f7ff8  _CsmPwl                              
1     00000ae0  _CsmRegs                             
0     003f852f  _CsmUnlock                           
0     003f8335  _DAC_envia                           
0     003f82ff  _DAC_inici                           
0     003f81ba  _DATALOG_ISR                         
0     003f899e  _DSP28x_usDelay                      
1     00000880  _DevEmuRegs                          
0     003f84ec  _DisableDog                          
0     003f82e6  _ECAN0INTA_ISR                       
0     003f82eb  _ECAN1INTA_ISR                       
1     00006040  _ECanaLAMRegs                        
1     000060c0  _ECanaMOTORegs                       
1     00006080  _ECanaMOTSRegs                       
1     00006100  _ECanaMboxes                         
1     00006000  _ECanaRegs                           
0     003f82f0  _EMPTY_ISR                           
0     003f81c4  _EMUINT_ISR                          
0     003f8851  _EnableInterrupts                    
1     00007400  _EvaRegs                             
1     00007500  _EvbRegs                             
1     00000a80  _FlashRegs                           
1     000070e0  _GpioDataRegs                        
1     000070c0  _GpioMuxRegs                         
0     003f81ce  _ILLEGAL_ISR                         
0     003f81b0  _INT13_ISR                           
0     003f81b5  _INT14_ISR                           
0     003ffad8  _IQ10mpyRndSatTable                  
0     003ffacc  _IQ11mpyRndSatTable                  
0     003ffac0  _IQ12mpyRndSatTable                  
0     003ffab4  _IQ13mpyRndSatTable                  
0     003ffaa8  _IQ14mpyRndSatTable                  
0     003ffa9c  _IQ15mpyRndSatTable                  
0     003ffa90  _IQ16mpyRndSatTable                  
0     003ffa84  _IQ17mpyRndSatTable                  
0     003ffa78  _IQ18mpyRndSatTable                  
0     003ffa6c  _IQ19mpyRndSatTable                  
0     003ffb44  _IQ1mpyRndSatTable                   
0     003ffa60  _IQ20mpyRndSatTable                  
0     003ffa54  _IQ21mpyRndSatTable                  
0     003ffa48  _IQ22mpyRndSatTable                  
0     003ffa3c  _IQ23mpyRndSatTable                  
0     003ffa30  _IQ24mpyRndSatTable                  
0     003ffa24  _IQ25mpyRndSatTable                  
0     003ffa18  _IQ26mpyRndSatTable                  
0     003ffa0c  _IQ27mpyRndSatTable                  
0     003ffa00  _IQ28mpyRndSatTable                  
0     003ff9f4  _IQ29mpyRndSatTable                  
0     003ffb38  _IQ2mpyRndSatTable                   
0     003ff9e8  _IQ30mpyRndSatTable                  
0     003ffb2c  _IQ3mpyRndSatTable                   
0     003ffb20  _IQ4mpyRndSatTable                   
0     003ffb14  _IQ5mpyRndSatTable                   
0     003ffb08  _IQ6mpyRndSatTable                   
0     003ffafc  _IQ7mpyRndSatTable                   
0     003ffaf0  _IQ8mpyRndSatTable                   
0     003ffae4  _IQ9mpyRndSatTable                   
0     003ff824  _IQatan2HalfPITable                  
0     003ff862  _IQatan2Table                        
0     003ff9e8  _IQatan2TableEnd                     
0     003ff100  _IQcosTable                          
0     003ff502  _IQcosTableEnd                       
0     003ff502  _IQdivRoundSatTable                  
0     003ff510  _IQdivTable                          
0     003ff712  _IQdivTableEnd                       
0     003ff712  _IQisqrtRoundSatTable                
0     003ff722  _IQisqrtTable                        
0     003ff824  _IQisqrtTableEnd                     
0     003ff9e8  _IQmpyRndSatTable                    
0     003ffb50  _IQmpyRndSatTableEnd                 
0     003ff000  _IQsinTable                          
0     003ff400  _IQsinTableEnd                       
0     003ff712  _IQsqrtRoundSatTable                 
0     003ff722  _IQsqrtTable                         
0     003ff824  _IQsqrtTableEnd                      
0     003f85e3  _InitCpuTimers                       
0     003f864d  _InitEv                              
0     003f8765  _InitGpio                            
0     003f8515  _InitPeripheralClocks                
0     003f8832  _InitPieCtrl                         
0     003f887e  _InitPieVectTable                    
0     003f84f4  _InitPll                             
0     003f84da  _InitSysCtrl                         
0     003f84e2  _KickDog                             
0     003f82c8  _MRINTA_ISR                          
0     003f82cd  _MXINTA_ISR                          
1     00007800  _McbspaRegs                          
0     003f81c9  _NMI_ISR                             
0     003f820f  _PDPINTA_ISR                         
0     003f8214  _PDPINTB_ISR                         
0     003f82f5  _PIE_RESERVED                        
1     00000ce0  _PieCtrlRegs                         
1     00000d00  _PieVectTable                        
1     00008000  _PieVectTableInit                    
0     003f81bf  _RTOSINT_ISR                         
0     003f82d2  _SCIRXINTA_ISR                       
0     003f82dc  _SCIRXINTB_ISR                       
0     003f82d7  _SCITXINTA_ISR                       
0     003f82e1  _SCITXINTB_ISR                       
0     003f82be  _SPIRXINTA_ISR                       
0     003f82c3  _SPITXINTA_ISR                       
1     00007050  _SciaRegs                            
1     00007750  _ScibRegs                            
0     003f896f  _SetDBGIER                           
1     00007040  _SpiaRegs                            
1     00007010  _SysCtrlRegs                         
0     003f8246  _T1CINT_ISR                          
0     003f8250  _T1OFINT_ISR                         
0     003f8241  _T1PINT_ISR                          
0     003f824b  _T1UFINT_ISR                         
0     003f825a  _T2CINT_ISR                          
0     003f8264  _T2OFINT_ISR                         
0     003f8255  _T2PINT_ISR                          
0     003f825f  _T2UFINT_ISR                         
0     003f828c  _T3CINT_ISR                          
0     003f8296  _T3OFINT_ISR                         
0     003f8287  _T3PINT_ISR                          
0     003f8291  _T3UFINT_ISR                         
0     003f82a0  _T4CINT_ISR                          
0     003f82aa  _T4OFINT_ISR                         
0     003f829b  _T4PINT_ISR                          
0     003f82a5  _T4UFINT_ISR                         
0     003f8228  _TINT0_ISR                           
0     003f8200  _USER10_ISR                          
0     003f8205  _USER11_ISR                          
0     003f820a  _USER12_ISR                          
0     003f81d3  _USER1_ISR                           
0     003f81d8  _USER2_ISR                           
0     003f81dd  _USER3_ISR                           
0     003f81e2  _USER4_ISR                           
0     003f81e7  _USER5_ISR                           
0     003f81ec  _USER6_ISR                           
0     003f81f1  _USER7_ISR                           
0     003f81f6  _USER8_ISR                           
0     003f81fb  _USER9_ISR                           
0     003f822d  _WAKEINT_ISR                         
0     003f8219  _XINT1_ISR                           
0     003f821e  _XINT2_ISR                           
1     00007070  _XIntruptRegs                        
1     00000b20  _XintfRegs                           
0     003f8975  __IQ24sinPU                          
1     00000800  __STACK_END                          
abs   00000400  __STACK_SIZE                         
1     00008134  ___TI_cleanup_ptr                    
1     00008136  ___TI_dtors_ptr                      
1     00008132  ___TI_enable_exit_profile_output     
abs   ffffffff  ___TI_pprof_out_hndl                 
abs   ffffffff  ___TI_prof_data_size                 
abs   ffffffff  ___TI_prof_data_start                
abs   ffffffff  ___binit__                           
abs   ffffffff  ___c_args__                          
0     00000000  ___cinit__                           
0     003f8975  ___etext__                           
abs   ffffffff  ___pinit__                           
0     003f8002  ___text__                            
0     003f893f  __args_main                          
1     0000813a  __lock                               
0     003f8966  __nop                                
0     003f8962  __register_lock                      
0     003f895e  __register_unlock                    
1     00000400  __stack                              
0     003f8974  __system_post_cinit                  
0     003f8972  __system_pre_init                    
1     0000813c  __unlock                             
0     003f87e0  _abort                               
0     003f8044  _allGPIOSloff                        
0     003f8051  _allGPIOSon                          
1     00008139  _buttoncounter                       
0     003f8711  _c_int00                             
0     003f80a8  _checkbit                            
0     003f885a  _copy_in                             
1     00008118  _dacstruct                           
0     003f8002  _delay                               
1     00008110  _dummy1                              
0     003f811e  _ejercicio1_ledblink                 
0     003f8129  _ejercicio2_cochefantastico          
0     003f814b  _ejercicio3_contadorbinarioboton     
0     003f816d  _ejercicio4_secretpassword           
0     003f8178  _enableinterruptTIM0                 
0     003f87e2  _exit                                
0     003f87ad  _interrupt_timer0                    
0     003f80b8  _isGPB4Buttonpresed_incrementVariable
0     003f80c6  _isGPB4Buttonpresed_setnewpassword   
0     003f80ed  _issecretpassowrdCorrect             
0     003f88bb  _main                                
0     003f889e  _memcpy                              
1     00008112  _rampa                               
1     00008114  _rampa_incr                          
0     003f82fa  _rsvd_ISR                            
1     00008138  _secretpassword                      
0     003f8199  _setupForDACexercice                 
0     003f81ad  _setupForPWM                         
1     00008116  _sinus                               
0     003f8083  _turnSingleLEDoff                    
0     003f805e  _turnSingleLEDon                     
abs   ffffffff  binit                                
0     00000000  cinit                                
0     003f8975  etext                                
abs   ffffffff  pinit                                


GLOBAL SYMBOLS: SORTED BY Symbol Address 

page  address   name                                 
----  -------   ----                                 
0     00000000  ___cinit__                           
0     00000000  cinit                                
0     003f8002  .text                                
0     003f8002  ___text__                            
0     003f8002  _delay                               
0     003f8044  _allGPIOSloff                        
0     003f8051  _allGPIOSon                          
0     003f805e  _turnSingleLEDon                     
0     003f8083  _turnSingleLEDoff                    
0     003f80a8  _checkbit                            
0     003f80b8  _isGPB4Buttonpresed_incrementVariable
0     003f80c6  _isGPB4Buttonpresed_setnewpassword   
0     003f80ed  _issecretpassowrdCorrect             
0     003f811e  _ejercicio1_ledblink                 
0     003f8129  _ejercicio2_cochefantastico          
0     003f814b  _ejercicio3_contadorbinarioboton     
0     003f816d  _ejercicio4_secretpassword           
0     003f8178  _enableinterruptTIM0                 
0     003f8199  _setupForDACexercice                 
0     003f81ad  _setupForPWM                         
0     003f81b0  _INT13_ISR                           
0     003f81b5  _INT14_ISR                           
0     003f81ba  _DATALOG_ISR                         
0     003f81bf  _RTOSINT_ISR                         
0     003f81c4  _EMUINT_ISR                          
0     003f81c9  _NMI_ISR                             
0     003f81ce  _ILLEGAL_ISR                         
0     003f81d3  _USER1_ISR                           
0     003f81d8  _USER2_ISR                           
0     003f81dd  _USER3_ISR                           
0     003f81e2  _USER4_ISR                           
0     003f81e7  _USER5_ISR                           
0     003f81ec  _USER6_ISR                           
0     003f81f1  _USER7_ISR                           
0     003f81f6  _USER8_ISR                           
0     003f81fb  _USER9_ISR                           
0     003f8200  _USER10_ISR                          
0     003f8205  _USER11_ISR                          
0     003f820a  _USER12_ISR                          
0     003f820f  _PDPINTA_ISR                         
0     003f8214  _PDPINTB_ISR                         
0     003f8219  _XINT1_ISR                           
0     003f821e  _XINT2_ISR                           
0     003f8223  _ADCINT_ISR                          
0     003f8228  _TINT0_ISR                           
0     003f822d  _WAKEINT_ISR                         
0     003f8232  _CMP1INT_ISR                         
0     003f8237  _CMP2INT_ISR                         
0     003f823c  _CMP3INT_ISR                         
0     003f8241  _T1PINT_ISR                          
0     003f8246  _T1CINT_ISR                          
0     003f824b  _T1UFINT_ISR                         
0     003f8250  _T1OFINT_ISR                         
0     003f8255  _T2PINT_ISR                          
0     003f825a  _T2CINT_ISR                          
0     003f825f  _T2UFINT_ISR                         
0     003f8264  _T2OFINT_ISR                         
0     003f8269  _CAPINT1_ISR                         
0     003f826e  _CAPINT2_ISR                         
0     003f8273  _CAPINT3_ISR                         
0     003f8278  _CMP4INT_ISR                         
0     003f827d  _CMP5INT_ISR                         
0     003f8282  _CMP6INT_ISR                         
0     003f8287  _T3PINT_ISR                          
0     003f828c  _T3CINT_ISR                          
0     003f8291  _T3UFINT_ISR                         
0     003f8296  _T3OFINT_ISR                         
0     003f829b  _T4PINT_ISR                          
0     003f82a0  _T4CINT_ISR                          
0     003f82a5  _T4UFINT_ISR                         
0     003f82aa  _T4OFINT_ISR                         
0     003f82af  _CAPINT4_ISR                         
0     003f82b4  _CAPINT5_ISR                         
0     003f82b9  _CAPINT6_ISR                         
0     003f82be  _SPIRXINTA_ISR                       
0     003f82c3  _SPITXINTA_ISR                       
0     003f82c8  _MRINTA_ISR                          
0     003f82cd  _MXINTA_ISR                          
0     003f82d2  _SCIRXINTA_ISR                       
0     003f82d7  _SCITXINTA_ISR                       
0     003f82dc  _SCIRXINTB_ISR                       
0     003f82e1  _SCITXINTB_ISR                       
0     003f82e6  _ECAN0INTA_ISR                       
0     003f82eb  _ECAN1INTA_ISR                       
0     003f82f0  _EMPTY_ISR                           
0     003f82f5  _PIE_RESERVED                        
0     003f82fa  _rsvd_ISR                            
0     003f82ff  _DAC_inici                           
0     003f8335  _DAC_envia                           
0     003f83b3  FD$$ADD                              
0     003f844f  FD$$DIV                              
0     003f84da  _InitSysCtrl                         
0     003f84e2  _KickDog                             
0     003f84ec  _DisableDog                          
0     003f84f4  _InitPll                             
0     003f8515  _InitPeripheralClocks                
0     003f852f  _CsmUnlock                           
0     003f8560  FD$$MPY                              
0     003f85e3  _InitCpuTimers                       
0     003f861c  _ConfigCpuTimer                      
0     003f864d  _InitEv                              
0     003f86b7  FS$$MPY                              
0     003f8711  _c_int00                             
0     003f8765  _InitGpio                            
0     003f87ad  _interrupt_timer0                    
0     003f87e0  C$$EXIT                              
0     003f87e0  _abort                               
0     003f87e2  _exit                                
0     003f8809  FS$$TOL                              
0     003f8832  _InitPieCtrl                         
0     003f8851  _EnableInterrupts                    
0     003f885a  _copy_in                             
0     003f887e  _InitPieVectTable                    
0     003f889e  _memcpy                              
0     003f88bb  _main                                
0     003f88d7  L$$TOFD                              
0     003f88f3  FD$$TOUL                             
0     003f890e  L$$TOFS                              
0     003f8928  FS$$CMP                              
0     003f893f  __args_main                          
0     003f8950  FD$$SUB                              
0     003f895e  __register_unlock                    
0     003f8962  __register_lock                      
0     003f8966  __nop                                
0     003f896f  _SetDBGIER                           
0     003f8972  __system_pre_init                    
0     003f8974  __system_post_cinit                  
0     003f8975  __IQ24sinPU                          
0     003f8975  ___etext__                           
0     003f8975  etext                                
0     003f899e  _DSP28x_usDelay                      
0     003ff000  _IQsinTable                          
0     003ff100  _IQcosTable                          
0     003ff400  _IQsinTableEnd                       
0     003ff502  _IQcosTableEnd                       
0     003ff502  _IQdivRoundSatTable                  
0     003ff510  _IQdivTable                          
0     003ff712  _IQdivTableEnd                       
0     003ff712  _IQisqrtRoundSatTable                
0     003ff712  _IQsqrtRoundSatTable                 
0     003ff722  _IQisqrtTable                        
0     003ff722  _IQsqrtTable                         
0     003ff824  _IQatan2HalfPITable                  
0     003ff824  _IQisqrtTableEnd                     
0     003ff824  _IQsqrtTableEnd                      
0     003ff862  _IQatan2Table                        
0     003ff9e8  _IQ30mpyRndSatTable                  
0     003ff9e8  _IQatan2TableEnd                     
0     003ff9e8  _IQmpyRndSatTable                    
0     003ff9f4  _IQ29mpyRndSatTable                  
0     003ffa00  _IQ28mpyRndSatTable                  
0     003ffa0c  _IQ27mpyRndSatTable                  
0     003ffa18  _IQ26mpyRndSatTable                  
0     003ffa24  _IQ25mpyRndSatTable                  
0     003ffa30  _IQ24mpyRndSatTable                  
0     003ffa3c  _IQ23mpyRndSatTable                  
0     003ffa48  _IQ22mpyRndSatTable                  
0     003ffa54  _IQ21mpyRndSatTable                  
0     003ffa60  _IQ20mpyRndSatTable                  
0     003ffa6c  _IQ19mpyRndSatTable                  
0     003ffa78  _IQ18mpyRndSatTable                  
0     003ffa84  _IQ17mpyRndSatTable                  
0     003ffa90  _IQ16mpyRndSatTable                  
0     003ffa9c  _IQ15mpyRndSatTable                  
0     003ffaa8  _IQ14mpyRndSatTable                  
0     003ffab4  _IQ13mpyRndSatTable                  
0     003ffac0  _IQ12mpyRndSatTable                  
0     003ffacc  _IQ11mpyRndSatTable                  
0     003ffad8  _IQ10mpyRndSatTable                  
0     003ffae4  _IQ9mpyRndSatTable                   
0     003ffaf0  _IQ8mpyRndSatTable                   
0     003ffafc  _IQ7mpyRndSatTable                   
0     003ffb08  _IQ6mpyRndSatTable                   
0     003ffb14  _IQ5mpyRndSatTable                   
0     003ffb20  _IQ4mpyRndSatTable                   
0     003ffb2c  _IQ3mpyRndSatTable                   
0     003ffb38  _IQ2mpyRndSatTable                   
0     003ffb44  _IQ1mpyRndSatTable                   
0     003ffb50  _IQmpyRndSatTableEnd                 
1     00000400  __stack                              
1     00000800  __STACK_END                          
1     00000880  _DevEmuRegs                          
1     00000a80  _FlashRegs                           
1     00000ae0  _CsmRegs                             
1     00000b20  _XintfRegs                           
1     00000c00  _CpuTimer0Regs                       
1     00000c08  _CpuTimer1Regs                       
1     00000c10  _CpuTimer2Regs                       
1     00000ce0  _PieCtrlRegs                         
1     00000d00  _PieVectTable                        
1     00006000  _ECanaRegs                           
1     00006040  _ECanaLAMRegs                        
1     00006080  _ECanaMOTSRegs                       
1     000060c0  _ECanaMOTORegs                       
1     00006100  _ECanaMboxes                         
1     00007010  _SysCtrlRegs                         
1     00007040  _SpiaRegs                            
1     00007050  _SciaRegs                            
1     00007070  _XIntruptRegs                        
1     000070c0  _GpioMuxRegs                         
1     000070e0  _GpioDataRegs                        
1     00007100  _AdcRegs                             
1     00007400  _EvaRegs                             
1     00007500  _EvbRegs                             
1     00007750  _ScibRegs                            
1     00007800  _McbspaRegs                          
1     00008000  _PieVectTableInit                    
1     00008110  _dummy1                              
1     00008112  _rampa                               
1     00008114  _rampa_incr                          
1     00008116  _sinus                               
1     00008118  _dacstruct                           
1     00008132  ___TI_enable_exit_profile_output     
1     00008134  ___TI_cleanup_ptr                    
1     00008136  ___TI_dtors_ptr                      
1     00008138  _secretpassword                      
1     00008139  _buttoncounter                       
1     0000813a  __lock                               
1     0000813c  __unlock                             
1     00008140  _CpuTimer0                           
1     00008148  _CpuTimer1                           
1     00008150  _CpuTimer2                           
1     003f7ff8  _CsmPwl                              
abs   00000400  __STACK_SIZE                         
abs   ffffffff  ___TI_pprof_out_hndl                 
abs   ffffffff  ___TI_prof_data_size                 
abs   ffffffff  ___TI_prof_data_start                
abs   ffffffff  ___binit__                           
abs   ffffffff  ___c_args__                          
abs   ffffffff  ___pinit__                           
abs   ffffffff  binit                                
abs   ffffffff  pinit                                

[232 symbols]
